A51 MACRO ASSEMBLER  STARTUP                                                              06/12/2019 17:12:35 PAGE     1


MACRO ASSEMBLER A51 V8.02b
OBJECT MODULE PLACED IN STARTUP.OBJ
ASSEMBLER INVOKED BY: C:\Keil\C51\BIN\A51.EXE STARTUP.A51 SET(SMALL) DEBUG EP

LOC  OBJ            LINE     SOURCE

0000 75F020            1     MOV 0xF0,#0x20
0003                   2     INIT:
0003 F500              3             MOV 0x00,A ; use R0 to r/w indirect address 
0005 F6                4             MOV @R0,A
0006 04                5             INC A
0007 D5F0F9            6     DJNZ 0xF0,INIT
000A 750000            7     MOV 0x00,#0x00
                       8         
                       9     
000D 75D000           10     MOV 0xD0,#0x00
0010 E8               11     MOV  A,R0
0011 E9               12     MOV  A,R1
0012 EA               13     MOV  A,R2
0013 EB               14     MOV  A,R3
0014 EC               15     MOV  A,R4
0015 ED               16     MOV  A,R5
0016 EE               17     MOV  A,R6
0017 EF               18     MOV  A,R7
                      19     
0018 75D008           20     MOV 0xD0,#0x08
001B E8               21     MOV  A,R0
001C E9               22     MOV  A,R1
001D EA               23     MOV  A,R2
001E EB               24     MOV  A,R3
001F EC               25     MOV  A,R4
0020 ED               26     MOV  A,R5
0021 EE               27     MOV  A,R6
0022 EF               28     MOV  A,R7
                      29     
0023 75D010           30     MOV 0xD0,#0x10
0026 E8               31     MOV  A,R0
0027 E9               32     MOV  A,R1
0028 EA               33     MOV  A,R2
0029 EB               34     MOV  A,R3
002A EC               35     MOV  A,R4
002B ED               36     MOV  A,R5
002C EE               37     MOV  A,R6
002D EF               38     MOV  A,R7
                      39     
002E 75D018           40     MOV 0xD0,#0x18
0031 E8               41     MOV  A,R0
0032 E9               42     MOV  A,R1
0033 EA               43     MOV  A,R2
0034 EB               44     MOV  A,R3
0035 EC               45     MOV  A,R4
0036 ED               46     MOV  A,R5
0037 EE               47     MOV  A,R6
0038 EF               48     MOV  A,R7
*** WARNING #A41 IN 48 (STARTUP.A51, LINE 48): MISSING 'END' STATEMENT
A51 MACRO ASSEMBLER  STARTUP                                                              06/12/2019 17:12:35 PAGE     2

SYMBOL TABLE LISTING
------ ----- -------


N A M E             T Y P E  V A L U E   ATTRIBUTES

INIT . . . . . . .  C ADDR   0003H   A   


REGISTER BANK(S) USED: 0 


ASSEMBLY COMPLETE.  1 WARNING(S), 0 ERROR(S)
